src/controllers/blogController.ts(12,7): error TS2717: Subsequent property declarations must have the same type.  Property 'file' must be of type 'File | undefined', but here has type 'any'.
src/controllers/blogController.ts(13,7): error TS2717: Subsequent property declarations must have the same type.  Property 'files' must be of type '{ [fieldname: string]: File[]; } | File[] | undefined', but here has type 'any'.
src/controllers/certificateController.ts(13,28): error TS2552: Cannot find name 'pool'. Did you mean 'Pool'?
src/index.ts(29,6): error TS2304: Cannot find name 'dayMs'.
src/routes/authRoutes.ts(17,23): error TS2769: No overload matches this call.
  The last overload gave the following error.
    Argument of type '(req: Request, res: Response) => Promise<Response<any, Record<string, any>> | undefined>' is not assignable to parameter of type 'Application<Record<string, any>>'.
      Type '(req: Request<ParamsDictionary, any, any, ParsedQs, Record<string, any>>, res: Response<any, Record<string, any>>) => Promise<...>' is missing the following properties from type 'Application<Record<string, any>>': init, defaultConfiguration, engine, set, and 63 more.
src/routes/authRoutes.ts(43,33): error TS2769: No overload matches this call.
  The last overload gave the following error.
    Argument of type '(req: Request, res: Response) => Promise<Response<any, Record<string, any>> | undefined>' is not assignable to parameter of type 'RequestHandlerParams<ParamsDictionary, any, any, ParsedQs, Record<string, any>>'.
      Type '(req: Request, res: Response) => Promise<Response<any, Record<string, any>> | undefined>' is not assignable to type 'RequestHandler<ParamsDictionary, any, any, ParsedQs, Record<string, any>>'.
        Type 'Promise<Response<any, Record<string, any>> | undefined>' is not assignable to type 'void | Promise<void>'.
          Type 'Promise<Response<any, Record<string, any>> | undefined>' is not assignable to type 'Promise<void>'.
            Type 'Response<any, Record<string, any>> | undefined' is not assignable to type 'void'.
              Type 'Response<any, Record<string, any>>' is not assignable to type 'void'.
src/routes/authRoutes.ts(56,38): error TS2769: No overload matches this call.
  The last overload gave the following error.
    Argument of type '(req: Request, res: Response) => Promise<Response<any, Record<string, any>> | undefined>' is not assignable to parameter of type 'RequestHandlerParams<ParamsDictionary, any, any, ParsedQs, Record<string, any>>'.
      Type '(req: Request, res: Response) => Promise<Response<any, Record<string, any>> | undefined>' is not assignable to type 'RequestHandler<ParamsDictionary, any, any, ParsedQs, Record<string, any>>'.
        Type 'Promise<Response<any, Record<string, any>> | undefined>' is not assignable to type 'void | Promise<void>'.
          Type 'Promise<Response<any, Record<string, any>> | undefined>' is not assignable to type 'Promise<void>'.
            Type 'Response<any, Record<string, any>> | undefined' is not assignable to type 'void'.
              Type 'Response<any, Record<string, any>>' is not assignable to type 'void'.
src/routes/authRoutes.ts(59,87): error TS2769: No overload matches this call.
  The last overload gave the following error.
    Argument of type '(req: Request, res: Response) => Promise<Response<any, Record<string, any>> | undefined>' is not assignable to parameter of type 'RequestHandlerParams<ParamsDictionary, any, any, ParsedQs, Record<string, any>>'.
      Type '(req: Request, res: Response) => Promise<Response<any, Record<string, any>> | undefined>' is not assignable to type 'RequestHandler<ParamsDictionary, any, any, ParsedQs, Record<string, any>>'.
        Type 'Promise<Response<any, Record<string, any>> | undefined>' is not assignable to type 'void | Promise<void>'.
          Type 'Promise<Response<any, Record<string, any>> | undefined>' is not assignable to type 'Promise<void>'.
            Type 'Response<any, Record<string, any>> | undefined' is not assignable to type 'void'.
              Type 'Response<any, Record<string, any>>' is not assignable to type 'void'.
src/routes/authRoutes.ts(60,47): error TS2769: No overload matches this call.
  The last overload gave the following error.
    Argument of type '(req: Request, res: Response) => Promise<Response<any, Record<string, any>> | undefined>' is not assignable to parameter of type 'RequestHandlerParams<ParamsDictionary, any, any, ParsedQs, Record<string, any>>'.
      Type '(req: Request, res: Response) => Promise<Response<any, Record<string, any>> | undefined>' is not assignable to type 'RequestHandler<ParamsDictionary, any, any, ParsedQs, Record<string, any>>'.
        Type 'Promise<Response<any, Record<string, any>> | undefined>' is not assignable to type 'void | Promise<void>'.
          Type 'Promise<Response<any, Record<string, any>> | undefined>' is not assignable to type 'Promise<void>'.
            Type 'Response<any, Record<string, any>> | undefined' is not assignable to type 'void'.
              Type 'Response<any, Record<string, any>>' is not assignable to type 'void'.
src/routes/blogRoutes.ts(18,22): error TS2769: No overload matches this call.
  The last overload gave the following error.
    Argument of type '(req: Request, res: Response) => Promise<Response<any, Record<string, any>> | undefined>' is not assignable to parameter of type 'Application<Record<string, any>>'.
      Type '(req: Request<ParamsDictionary, any, any, ParsedQs, Record<string, any>>, res: Response<any, Record<string, any>>) => Promise<...>' is missing the following properties from type 'Application<Record<string, any>>': init, defaultConfiguration, engine, set, and 63 more.
src/routes/blogRoutes.ts(21,60): error TS2769: No overload matches this call.
  The last overload gave the following error.
    Argument of type '(req: Request, res: Response) => Promise<Response<any, Record<string, any>> | undefined>' is not assignable to parameter of type 'RequestHandlerParams<ParamsDictionary, any, any, ParsedQs, Record<string, any>>'.
      Type '(req: Request, res: Response) => Promise<Response<any, Record<string, any>> | undefined>' is not assignable to type 'RequestHandler<ParamsDictionary, any, any, ParsedQs, Record<string, any>>'.
        Type 'Promise<Response<any, Record<string, any>> | undefined>' is not assignable to type 'void | Promise<void>'.
          Type 'Promise<Response<any, Record<string, any>> | undefined>' is not assignable to type 'Promise<void>'.
            Type 'Response<any, Record<string, any>> | undefined' is not assignable to type 'void'.
              Type 'Response<any, Record<string, any>>' is not assignable to type 'void'.
src/routes/blogRoutes.ts(24,62): error TS2769: No overload matches this call.
  The last overload gave the following error.
    Argument of type '(req: Request, res: Response) => Promise<Response<any, Record<string, any>> | undefined>' is not assignable to parameter of type 'RequestHandlerParams<ParamsDictionary, any, any, ParsedQs, Record<string, any>>'.
      Type '(req: Request, res: Response) => Promise<Response<any, Record<string, any>> | undefined>' is not assignable to type 'RequestHandler<ParamsDictionary, any, any, ParsedQs, Record<string, any>>'.
        Type 'Promise<Response<any, Record<string, any>> | undefined>' is not assignable to type 'void | Promise<void>'.
          Type 'Promise<Response<any, Record<string, any>> | undefined>' is not assignable to type 'Promise<void>'.
            Type 'Response<any, Record<string, any>> | undefined' is not assignable to type 'void'.
              Type 'Response<any, Record<string, any>>' is not assignable to type 'void'.
src/routes/blogRoutes.ts(27,37): error TS2769: No overload matches this call.
  The last overload gave the following error.
    Argument of type '(req: Request, res: Response) => Promise<Response<any, Record<string, any>> | undefined>' is not assignable to parameter of type 'RequestHandlerParams<ParamsDictionary, any, any, ParsedQs, Record<string, any>>'.
      Type '(req: Request, res: Response) => Promise<Response<any, Record<string, any>> | undefined>' is not assignable to type 'RequestHandler<ParamsDictionary, any, any, ParsedQs, Record<string, any>>'.
        Type 'Promise<Response<any, Record<string, any>> | undefined>' is not assignable to type 'void | Promise<void>'.
          Type 'Promise<Response<any, Record<string, any>> | undefined>' is not assignable to type 'Promise<void>'.
            Type 'Response<any, Record<string, any>> | undefined' is not assignable to type 'void'.
              Type 'Response<any, Record<string, any>>' is not assignable to type 'void'.
src/routes/careerRoutes.ts(35,20): error TS2769: No overload matches this call.
  The last overload gave the following error.
    Argument of type '(req: Request, res: Response) => Promise<Response<any, Record<string, any>> | undefined>' is not assignable to parameter of type 'Application<Record<string, any>>'.
      Type '(req: Request<ParamsDictionary, any, any, ParsedQs, Record<string, any>>, res: Response<any, Record<string, any>>) => Promise<...>' is missing the following properties from type 'Application<Record<string, any>>': init, defaultConfiguration, engine, set, and 63 more.
src/routes/careerRoutes.ts(36,32): error TS2769: No overload matches this call.
  The last overload gave the following error.
    Argument of type '(req: Request, res: Response) => Promise<Response<any, Record<string, any>> | undefined>' is not assignable to parameter of type 'RequestHandlerParams<ParamsDictionary, any, any, ParsedQs, Record<string, any>>'.
      Type '(req: Request, res: Response) => Promise<Response<any, Record<string, any>> | undefined>' is not assignable to type 'RequestHandler<ParamsDictionary, any, any, ParsedQs, Record<string, any>>'.
        Type 'Promise<Response<any, Record<string, any>> | undefined>' is not assignable to type 'void | Promise<void>'.
          Type 'Promise<Response<any, Record<string, any>> | undefined>' is not assignable to type 'Promise<void>'.
            Type 'Response<any, Record<string, any>> | undefined' is not assignable to type 'void'.
              Type 'Response<any, Record<string, any>>' is not assignable to type 'void'.
src/routes/careerRoutes.ts(37,34): error TS2769: No overload matches this call.
  The last overload gave the following error.
    Argument of type '(req: Request, res: Response) => Promise<Response<any, Record<string, any>> | undefined>' is not assignable to parameter of type 'RequestHandlerParams<ParamsDictionary, any, any, ParsedQs, Record<string, any>>'.
      Type '(req: Request, res: Response) => Promise<Response<any, Record<string, any>> | undefined>' is not assignable to type 'RequestHandler<ParamsDictionary, any, any, ParsedQs, Record<string, any>>'.
        Type 'Promise<Response<any, Record<string, any>> | undefined>' is not assignable to type 'void | Promise<void>'.
          Type 'Promise<Response<any, Record<string, any>> | undefined>' is not assignable to type 'Promise<void>'.
            Type 'Response<any, Record<string, any>> | undefined' is not assignable to type 'void'.
              Type 'Response<any, Record<string, any>>' is not assignable to type 'void'.
src/routes/careerRoutes.ts(38,37): error TS2769: No overload matches this call.
  The last overload gave the following error.
    Argument of type '(req: Request, res: Response) => Promise<Response<any, Record<string, any>> | undefined>' is not assignable to parameter of type 'RequestHandlerParams<ParamsDictionary, any, any, ParsedQs, Record<string, any>>'.
      Type '(req: Request, res: Response) => Promise<Response<any, Record<string, any>> | undefined>' is not assignable to type 'RequestHandler<ParamsDictionary, any, any, ParsedQs, Record<string, any>>'.
        Type 'Promise<Response<any, Record<string, any>> | undefined>' is not assignable to type 'void | Promise<void>'.
          Type 'Promise<Response<any, Record<string, any>> | undefined>' is not assignable to type 'Promise<void>'.
            Type 'Response<any, Record<string, any>> | undefined' is not assignable to type 'void'.
              Type 'Response<any, Record<string, any>>' is not assignable to type 'void'.
src/routes/contactRoutes.ts(7,18): error TS2769: No overload matches this call.
  The last overload gave the following error.
    Argument of type '(req: Request, res: Response) => Promise<Response<any, Record<string, any>> | undefined>' is not assignable to parameter of type 'Application<Record<string, any>>'.
      Type '(req: Request<ParamsDictionary, any, any, ParsedQs, Record<string, any>>, res: Response<any, Record<string, any>>) => Promise<...>' is missing the following properties from type 'Application<Record<string, any>>': init, defaultConfiguration, engine, set, and 63 more.
src/routes/coursesRoute.ts(13,20): error TS2769: No overload matches this call.
  The last overload gave the following error.
    Argument of type '(req: Request, res: Response) => Promise<Response<any, Record<string, any>> | undefined>' is not assignable to parameter of type 'Application<Record<string, any>>'.
      Type '(req: Request<ParamsDictionary, any, any, ParsedQs, Record<string, any>>, res: Response<any, Record<string, any>>) => Promise<...>' is missing the following properties from type 'Application<Record<string, any>>': init, defaultConfiguration, engine, set, and 63 more.
src/routes/eventRoutes.ts(15,20): error TS2769: No overload matches this call.
  The last overload gave the following error.
    Argument of type '(req: Request, res: Response) => Promise<Response<any, Record<string, any>> | undefined>' is not assignable to parameter of type 'Application<Record<string, any>>'.
      Type '(req: Request<ParamsDictionary, any, any, ParsedQs, Record<string, any>>, res: Response<any, Record<string, any>>) => Promise<...>' is missing the following properties from type 'Application<Record<string, any>>': init, defaultConfiguration, engine, set, and 63 more.
src/routes/eventRoutes.ts(18,44): error TS2769: No overload matches this call.
  The last overload gave the following error.
    Argument of type '(req: Request, res: Response) => Promise<Response<any, Record<string, any>> | undefined>' is not assignable to parameter of type 'RequestHandlerParams<ParamsDictionary, any, any, ParsedQs, Record<string, any>>'.
      Type '(req: Request, res: Response) => Promise<Response<any, Record<string, any>> | undefined>' is not assignable to type 'RequestHandler<ParamsDictionary, any, any, ParsedQs, Record<string, any>>'.
        Type 'Promise<Response<any, Record<string, any>> | undefined>' is not assignable to type 'void | Promise<void>'.
          Type 'Promise<Response<any, Record<string, any>> | undefined>' is not assignable to type 'Promise<void>'.
            Type 'Response<any, Record<string, any>> | undefined' is not assignable to type 'void'.
              Type 'Response<any, Record<string, any>>' is not assignable to type 'void'.
src/routes/eventRoutes.ts(19,37): error TS2769: No overload matches this call.
  The last overload gave the following error.
    Argument of type '(req: Request, res: Response) => Promise<Response<any, Record<string, any>> | undefined>' is not assignable to parameter of type 'RequestHandlerParams<ParamsDictionary, any, any, ParsedQs, Record<string, any>>'.
      Type '(req: Request, res: Response) => Promise<Response<any, Record<string, any>> | undefined>' is not assignable to type 'RequestHandler<ParamsDictionary, any, any, ParsedQs, Record<string, any>>'.
        Type 'Promise<Response<any, Record<string, any>> | undefined>' is not assignable to type 'void | Promise<void>'.
          Type 'Promise<Response<any, Record<string, any>> | undefined>' is not assignable to type 'Promise<void>'.
            Type 'Response<any, Record<string, any>> | undefined' is not assignable to type 'void'.
              Type 'Response<any, Record<string, any>>' is not assignable to type 'void'.
src/routes/galleryRoutes.ts(19,20): error TS2769: No overload matches this call.
  The last overload gave the following error.
    Argument of type '(req: Request, res: Response) => Promise<Response<any, Record<string, any>> | undefined>' is not assignable to parameter of type 'Application<Record<string, any>>'.
      Type '(req: Request<ParamsDictionary, any, any, ParsedQs, Record<string, any>>, res: Response<any, Record<string, any>>) => Promise<...>' is missing the following properties from type 'Application<Record<string, any>>': init, defaultConfiguration, engine, set, and 63 more.
src/routes/galleryRoutes.ts(24,53): error TS2769: No overload matches this call.
  The last overload gave the following error.
    Argument of type '(req: Request, res: Response) => Promise<Response<any, Record<string, any>> | undefined>' is not assignable to parameter of type 'RequestHandlerParams<ParamsDictionary, any, any, ParsedQs, Record<string, any>>'.
      Type '(req: Request, res: Response) => Promise<Response<any, Record<string, any>> | undefined>' is not assignable to type 'RequestHandler<ParamsDictionary, any, any, ParsedQs, Record<string, any>>'.
        Type 'Promise<Response<any, Record<string, any>> | undefined>' is not assignable to type 'void | Promise<void>'.
          Type 'Promise<Response<any, Record<string, any>> | undefined>' is not assignable to type 'Promise<void>'.
            Type 'Response<any, Record<string, any>> | undefined' is not assignable to type 'void'.
              Type 'Response<any, Record<string, any>>' is not assignable to type 'void'.
src/routes/galleryRoutes.ts(25,56): error TS2769: No overload matches this call.
  The last overload gave the following error.
    Argument of type '(req: Request, res: Response) => Promise<Response<any, Record<string, any>> | undefined>' is not assignable to parameter of type 'RequestHandlerParams<ParamsDictionary, any, any, ParsedQs, Record<string, any>>'.
      Type '(req: Request, res: Response) => Promise<Response<any, Record<string, any>> | undefined>' is not assignable to type 'RequestHandler<ParamsDictionary, any, any, ParsedQs, Record<string, any>>'.
        Type 'Promise<Response<any, Record<string, any>> | undefined>' is not assignable to type 'void | Promise<void>'.
          Type 'Promise<Response<any, Record<string, any>> | undefined>' is not assignable to type 'Promise<void>'.
            Type 'Response<any, Record<string, any>> | undefined' is not assignable to type 'void'.
              Type 'Response<any, Record<string, any>>' is not assignable to type 'void'.
src/routes/galleryRoutes.ts(26,24): error TS2769: No overload matches this call.
  The last overload gave the following error.
    Argument of type '(req: Request, res: Response) => Promise<Response<any, Record<string, any>> | undefined>' is not assignable to parameter of type 'Application<Record<string, any>>'.
      Type '(req: Request<ParamsDictionary, any, any, ParsedQs, Record<string, any>>, res: Response<any, Record<string, any>>) => Promise<...>' is missing the following properties from type 'Application<Record<string, any>>': init, defaultConfiguration, engine, set, and 63 more.
src/routes/newsletterDebug.ts(30,49): error TS2769: No overload matches this call.
  The last overload gave the following error.
    Argument of type '(req: Request<{}, any, any, ParsedQs, Record<string, any>>, res: Response<any, Record<string, any>, number>) => Promise<Response<any, Record<...>, number> | undefined>' is not assignable to parameter of type 'Application<Record<string, any>>'.
      Type '(req: Request<{}, any, any, ParsedQs, Record<string, any>>, res: Response<any, Record<string, any>, number>) => Promise<Response<any, Record<...>, number> | undefined>' is missing the following properties from type 'Application<Record<string, any>>': init, defaultConfiguration, engine, set, and 63 more.
src/routes/newsletterRoutes.ts(15,27): error TS2769: No overload matches this call.
  The last overload gave the following error.
    Argument of type '(req: Request, res: Response) => Promise<Response<any, Record<string, any>>>' is not assignable to parameter of type 'Application<Record<string, any>>'.
      Type '(req: Request<ParamsDictionary, any, any, ParsedQs, Record<string, any>>, res: Response<any, Record<string, any>>) => Promise<...>' is missing the following properties from type 'Application<Record<string, any>>': init, defaultConfiguration, engine, set, and 63 more.
src/routes/newsletterRoutes.ts(16,29): error TS2769: No overload matches this call.
  The last overload gave the following error.
    Argument of type '(req: Request, res: Response) => Promise<Response<any, Record<string, any>>>' is not assignable to parameter of type 'Application<Record<string, any>>'.
      Type '(req: Request<ParamsDictionary, any, any, ParsedQs, Record<string, any>>, res: Response<any, Record<string, any>>) => Promise<...>' is missing the following properties from type 'Application<Record<string, any>>': init, defaultConfiguration, engine, set, and 63 more.
src/routes/newsletterRoutes.ts(20,28): error TS2769: No overload matches this call.
  The last overload gave the following error.
    Argument of type '(req: Request, res: Response) => Promise<Response<any, Record<string, any>> | undefined>' is not assignable to parameter of type 'Application<Record<string, any>>'.
      Type '(req: Request<ParamsDictionary, any, any, ParsedQs, Record<string, any>>, res: Response<any, Record<string, any>>) => Promise<...>' is missing the following properties from type 'Application<Record<string, any>>': init, defaultConfiguration, engine, set, and 63 more.
src/routes/newsletterRoutes.ts(21,29): error TS2769: No overload matches this call.
  The last overload gave the following error.
    Argument of type '(req: Request, res: Response) => Promise<Response<any, Record<string, any>> | undefined>' is not assignable to parameter of type 'Application<Record<string, any>>'.
      Type '(req: Request<ParamsDictionary, any, any, ParsedQs, Record<string, any>>, res: Response<any, Record<string, any>>) => Promise<...>' is missing the following properties from type 'Application<Record<string, any>>': init, defaultConfiguration, engine, set, and 63 more.
src/routes/newsletterRoutes.ts(23,31): error TS2769: No overload matches this call.
  The last overload gave the following error.
    Argument of type '(req: Request, res: Response) => Promise<Response<any, Record<string, any>>>' is not assignable to parameter of type 'Application<Record<string, any>>'.
      Type '(req: Request<ParamsDictionary, any, any, ParsedQs, Record<string, any>>, res: Response<any, Record<string, any>>) => Promise<...>' is missing the following properties from type 'Application<Record<string, any>>': init, defaultConfiguration, engine, set, and 63 more.
src/routes/newsletterRoutes.ts(24,29): error TS2769: No overload matches this call.
  The last overload gave the following error.
    Argument of type '(req: Request, res: Response) => Promise<Response<any, Record<string, any>>>' is not assignable to parameter of type 'Application<Record<string, any>>'.
      Type '(req: Request<ParamsDictionary, any, any, ParsedQs, Record<string, any>>, res: Response<any, Record<string, any>>) => Promise<...>' is missing the following properties from type 'Application<Record<string, any>>': init, defaultConfiguration, engine, set, and 63 more.
src/routes/newsletterRoutes.ts(25,26): error TS2769: No overload matches this call.
  The last overload gave the following error.
    Argument of type '(req: Request, res: Response) => Promise<Response<any, Record<string, any>>>' is not assignable to parameter of type 'Application<Record<string, any>>'.
      Type '(req: Request<ParamsDictionary, any, any, ParsedQs, Record<string, any>>, res: Response<any, Record<string, any>>) => Promise<...>' is missing the following properties from type 'Application<Record<string, any>>': init, defaultConfiguration, engine, set, and 63 more.
src/routes/pdfProxy.ts(6,20): error TS2769: No overload matches this call.
  The last overload gave the following error.
    Argument of type '(req: Request<{}, any, any, ParsedQs, Record<string, any>>, res: Response<any, Record<string, any>, number>) => Promise<Response<any, Record<...>, number> | undefined>' is not assignable to parameter of type 'Application<Record<string, any>>'.
      Type '(req: Request<{}, any, any, ParsedQs, Record<string, any>>, res: Response<any, Record<string, any>, number>) => Promise<Response<any, Record<...>, number> | undefined>' is missing the following properties from type 'Application<Record<string, any>>': init, defaultConfiguration, engine, set, and 63 more.
src/routes/storyRoutes.ts(15,24): error TS2769: No overload matches this call.
  The last overload gave the following error.
    Argument of type '(req: Request, res: Response) => Promise<Response<any, Record<string, any>> | undefined>' is not assignable to parameter of type 'Application<Record<string, any>>'.
      Type '(req: Request<ParamsDictionary, any, any, ParsedQs, Record<string, any>>, res: Response<any, Record<string, any>>) => Promise<...>' is missing the following properties from type 'Application<Record<string, any>>': init, defaultConfiguration, engine, set, and 63 more.
src/routes/storyRoutes.ts(19,42): error TS2769: No overload matches this call.
  The last overload gave the following error.
    Argument of type '(req: Request, res: Response) => Promise<Response<any, Record<string, any>> | undefined>' is not assignable to parameter of type 'RequestHandlerParams<ParamsDictionary, any, any, ParsedQs, Record<string, any>>'.
      Type '(req: Request, res: Response) => Promise<Response<any, Record<string, any>> | undefined>' is not assignable to type 'RequestHandler<ParamsDictionary, any, any, ParsedQs, Record<string, any>>'.
        Type 'Promise<Response<any, Record<string, any>> | undefined>' is not assignable to type 'void | Promise<void>'.
          Type 'Promise<Response<any, Record<string, any>> | undefined>' is not assignable to type 'Promise<void>'.
            Type 'Response<any, Record<string, any>> | undefined' is not assignable to type 'void'.
              Type 'Response<any, Record<string, any>>' is not assignable to type 'void'.
src/routes/storyRoutes.ts(20,37): error TS2769: No overload matches this call.
  The last overload gave the following error.
    Argument of type '(req: Request, res: Response) => Promise<Response<any, Record<string, any>> | undefined>' is not assignable to parameter of type 'RequestHandlerParams<ParamsDictionary, any, any, ParsedQs, Record<string, any>>'.
      Type '(req: Request, res: Response) => Promise<Response<any, Record<string, any>> | undefined>' is not assignable to type 'RequestHandler<ParamsDictionary, any, any, ParsedQs, Record<string, any>>'.
        Type 'Promise<Response<any, Record<string, any>> | undefined>' is not assignable to type 'void | Promise<void>'.
          Type 'Promise<Response<any, Record<string, any>> | undefined>' is not assignable to type 'Promise<void>'.
            Type 'Response<any, Record<string, any>> | undefined' is not assignable to type 'void'.
              Type 'Response<any, Record<string, any>>' is not assignable to type 'void'.
src/routes/zohoAuth.ts(32,35): error TS2769: No overload matches this call.
  The last overload gave the following error.
    Argument of type '(req: Request<{}, any, any, ParsedQs, Record<string, any>>, res: Response<any, Record<string, any>, number>) => Promise<Response<any, Record<...>, number> | undefined>' is not assignable to parameter of type 'Application<Record<string, any>>'.
      Type '(req: Request<{}, any, any, ParsedQs, Record<string, any>>, res: Response<any, Record<string, any>, number>) => Promise<Response<any, Record<...>, number> | undefined>' is missing the following properties from type 'Application<Record<string, any>>': init, defaultConfiguration, engine, set, and 63 more.
src/utils/newsletter.ts(100,61): error TS2339: Property 'response' does not exist on type '{}'.
